// Jest Snapshot v1, https://goo.gl/fbAQLP

exports[`Create config Base Config 1`] = `
"server {
    listen                     443 ssl http2;
    listen                     [::]:443;
    server_name                example.com;
    ssl_certificate            /etc/letsencrypt/live/example.com/fullchain.pem;
    ssl_certificate_key        /etc/letsencrypt/live/example.com/privkey.pem;
    ssl_trusted_certificate    /etc/letsencrypt/live/example.com/chain.pem;
    ssl_dhparam                /etc/letsencrypt/dhparams/dhparam.pem;
}

"
`;

exports[`Create config Full Server 1`] = `
"server {
    listen                     443 ssl http2;
    listen                     [::]:443;
    server_name                example.com;
    ssl_certificate            /etc/letsencrypt/live/certbot/fullchain.pem;
    ssl_certificate_key        /etc/letsencrypt/live/certbot/privkey.pem;
    ssl_trusted_certificate    /etc/letsencrypt/live/certbot/chain.pem;
    ssl_dhparam                /etc/letsencrypt/dhparams/dhparam.pem;
    location / {
        proxy_pass              http://example;
        include                 /current/src/nginx/builtin/base/proxy_pass.conf;
        return                  200 \\"html\\";
        rewrite                 ^ https://rewrite;
        proxy_set_header        Upgrade $http_upgrade;
        proxy_set_header        Connection $http_connection;
        proxy_set_header        Accept-Encoding \\"\\";
        proxy_http_version      1.1;
        sub_filter              '</head>' '<link rel=\\"stylesheet\\" type=\\"text/css\\" href=\\"/custom_assets/css/a453d6427958b58add4ed834d9c6520d.css\\"><link rel=\\"stylesheet\\" type=\\"text/css\\" href=\\"/custom_assets/css/e504c8433e0e5044eda93a31b93abd11.css\\"></head>';
        sub_filter              '</body>' '<script src=\\"/custom_assets/js/78f5655ab86382e62279a4dcea0a6bab.js\\"></script><script src=\\"/custom_assets/js/e504c8433e0e5044eda93a31b93abd11.js\\"></script></body>';
        sub_filter_once         on;
        add_header              Content-Type text/html;
        add_header              Second Value;
        add_header              X-Robots-Tag 'noindex, nofollow, nosnippet, noarchive';
        custom                  option;
        auth_basic              2d77215cd91113df4d3442ee904fd740;
        auth_basic_user_file    /current/data/auth/2d77215cd91113df4d3442ee904fd740;
    }

    location /custom_assets {
        alias    /current/data/custom;
    }

}

"
`;
